[debug] [2026-08-15T20:51:49.565Z] ----------------------------------------------------------------------
[debug] [2026-08-15T20:51:49.566Z] Command:       /Users/davidfvo/.nvm/versions/node/v24.11.1/bin/node /Users/davidfvo/.nvm/versions/node/v24.11.1/bin/firebase deploy --only functions
[debug] [2026-08-15T20:51:49.566Z] CLI Version:   15.25.1
[debug] [2026-08-15T20:51:49.566Z] Platform:      darwin
[debug] [2026-08-15T20:51:49.566Z] Node Version:  v24.11.1
[debug] [2026-08-15T20:51:49.567Z] Detected Agent: unknown
[debug] [2026-08-15T20:51:49.567Z] Time:          Sat Aug 15 2026 16:51:49 GMT-0400 (Atlantic Standard Time)
[debug] [2026-08-15T20:51:49.567Z] ----------------------------------------------------------------------
[debug] 
[debug] [2026-08-15T20:51:50.261Z] > command requires scopes: ["email","openid","https://www.googleapis.com/auth/cloudplatformprojects.readonly","https://www.googleapis.com/auth/firebase","https://www.googleapis.com/auth/cloud-platform"]
[debug] [2026-08-15T20:51:50.261Z] > authorizing via signed-in user (aquarius.solutions.rd@gmail.com)
[debug] [2026-08-15T20:51:50.261Z] [iam] checking project chess-solutions-f8a5b for permissions ["cloudfunctions.functions.create","cloudfunctions.functions.delete","cloudfunctions.functions.get","cloudfunctions.functions.list","cloudfunctions.functions.update","cloudfunctions.operations.get","firebase.projects.get"]
[debug] [2026-08-15T20:51:50.267Z] Checked if tokens are valid: false, expires at: 1786826231258
[debug] [2026-08-15T20:51:50.267Z] Checked if tokens are valid: false, expires at: 1786826231258
[debug] [2026-08-15T20:51:50.267Z] > refreshing access token with scopes: []
[debug] [2026-08-15T20:51:50.269Z] >>> [apiv2][query] POST https://www.googleapis.com/oauth2/v3/token [none]
[debug] [2026-08-15T20:51:50.269Z] >>> [apiv2][body] POST https://www.googleapis.com/oauth2/v3/token [omitted]
[debug] [2026-08-15T20:51:50.485Z] <<< [apiv2][status] POST https://www.googleapis.com/oauth2/v3/token 200
[debug] [2026-08-15T20:51:50.485Z] <<< [apiv2][body] POST https://www.googleapis.com/oauth2/v3/token [omitted]
[debug] [2026-08-15T20:51:50.495Z] >>> [apiv2][query] POST https://cloudresourcemanager.googleapis.com/v1/projects/chess-solutions-f8a5b:testIamPermissions [none]
[debug] [2026-08-15T20:51:50.495Z] >>> [apiv2][(partial)header] POST https://cloudresourcemanager.googleapis.com/v1/projects/chess-solutions-f8a5b:testIamPermissions  x-goog-user-project=chess-solutions-f8a5b
[debug] [2026-08-15T20:51:50.495Z] >>> [apiv2][body] POST https://cloudresourcemanager.googleapis.com/v1/projects/chess-solutions-f8a5b:testIamPermissions {"permissions":["cloudfunctions.functions.create","cloudfunctions.functions.delete","cloudfunctions.functions.get","cloudfunctions.functions.list","cloudfunctions.functions.update","cloudfunctions.operations.get","firebase.projects.get"]}
[debug] [2026-08-15T20:51:50.735Z] <<< [apiv2][status] POST https://cloudresourcemanager.googleapis.com/v1/projects/chess-solutions-f8a5b:testIamPermissions 200
[debug] [2026-08-15T20:51:50.736Z] <<< [apiv2][body] POST https://cloudresourcemanager.googleapis.com/v1/projects/chess-solutions-f8a5b:testIamPermissions {"permissions":["cloudfunctions.functions.create","cloudfunctions.functions.delete","cloudfunctions.functions.get","cloudfunctions.functions.list","cloudfunctions.functions.update","cloudfunctions.operations.get","firebase.projects.get"]}
[debug] [2026-08-15T20:51:50.736Z] Checked if tokens are valid: true, expires at: 1786830709485
[debug] [2026-08-15T20:51:50.736Z] Checked if tokens are valid: true, expires at: 1786830709485
[debug] [2026-08-15T20:51:50.737Z] >>> [apiv2][query] POST https://iam.googleapis.com/v1/projects/chess-solutions-f8a5b/serviceAccounts/chess-solutions-f8a5b@appspot.gserviceaccount.com:testIamPermissions [none]
[debug] [2026-08-15T20:51:50.737Z] >>> [apiv2][body] POST https://iam.googleapis.com/v1/projects/chess-solutions-f8a5b/serviceAccounts/chess-solutions-f8a5b@appspot.gserviceaccount.com:testIamPermissions {"permissions":["iam.serviceAccounts.actAs"]}
[debug] [2026-08-15T20:51:50.974Z] <<< [apiv2][status] POST https://iam.googleapis.com/v1/projects/chess-solutions-f8a5b/serviceAccounts/chess-solutions-f8a5b@appspot.gserviceaccount.com:testIamPermissions 200
[debug] [2026-08-15T20:51:50.974Z] <<< [apiv2][body] POST https://iam.googleapis.com/v1/projects/chess-solutions-f8a5b/serviceAccounts/chess-solutions-f8a5b@appspot.gserviceaccount.com:testIamPermissions {"permissions":["iam.serviceAccounts.actAs"]}
[info] 
[info] === Deploying to 'chess-solutions-f8a5b'...
[info] 
[info] i  deploying functions 
[info] Running command: npm --prefix "$RESOURCE_DIR" run build
[info] ✔  functions: Finished running predeploy script. 
[debug] [2026-08-15T20:51:52.013Z] Checked if tokens are valid: true, expires at: 1786830709485
[debug] [2026-08-15T20:51:52.013Z] Checked if tokens are valid: true, expires at: 1786830709485
[debug] [2026-08-15T20:51:52.013Z] >>> [apiv2][query] GET https://cloudresourcemanager.googleapis.com/v1/projects/chess-solutions-f8a5b [none]
[debug] [2026-08-15T20:51:52.151Z] <<< [apiv2][status] GET https://cloudresourcemanager.googleapis.com/v1/projects/chess-solutions-f8a5b 200
[debug] [2026-08-15T20:51:52.151Z] <<< [apiv2][body] GET https://cloudresourcemanager.googleapis.com/v1/projects/chess-solutions-f8a5b {"projectNumber":"346188478020","projectId":"chess-solutions-f8a5b","lifecycleState":"ACTIVE","name":"Chess solutions","labels":{"firebase":"enabled","firebase-core":"disabled"},"createTime":"2026-07-18T21:49:11.323Z"}
[info] i  functions: preparing codebase default for deployment 
[info] i  functions: ensuring required API cloudfunctions.googleapis.com is enabled... 
[info] i  functions: ensuring required API cloudbuild.googleapis.com is enabled... 
[info] i  artifactregistry: ensuring required API artifactregistry.googleapis.com is enabled... 
[debug] [2026-08-15T20:51:52.153Z] Checked if tokens are valid: true, expires at: 1786830709485
[debug] [2026-08-15T20:51:52.153Z] Checked if tokens are valid: true, expires at: 1786830709485
[debug] [2026-08-15T20:51:52.153Z] >>> [apiv2][query] GET https://firebase.googleapis.com/v1beta1/projects/chess-solutions-f8a5b/adminSdkConfig [none]
[debug] [2026-08-15T20:51:52.991Z] <<< [apiv2][status] GET https://firebase.googleapis.com/v1beta1/projects/chess-solutions-f8a5b/adminSdkConfig 200
[debug] [2026-08-15T20:51:52.991Z] <<< [apiv2][body] GET https://firebase.googleapis.com/v1beta1/projects/chess-solutions-f8a5b/adminSdkConfig {"projectId":"chess-solutions-f8a5b","databaseURL":"https://chess-solutions-f8a5b-default-rtdb.firebaseio.com","storageBucket":"chess-solutions-f8a5b.firebasestorage.app"}
[debug] [2026-08-15T20:51:52.991Z] Checked if tokens are valid: true, expires at: 1786830709485
[debug] [2026-08-15T20:51:52.991Z] Checked if tokens are valid: true, expires at: 1786830709485
[debug] [2026-08-15T20:51:52.991Z] >>> [apiv2][query] GET https://runtimeconfig.googleapis.com/v1beta1/projects/chess-solutions-f8a5b/configs [none]
[debug] [2026-08-15T20:51:53.432Z] <<< [apiv2][status] GET https://runtimeconfig.googleapis.com/v1beta1/projects/chess-solutions-f8a5b/configs 200
[debug] [2026-08-15T20:51:53.433Z] <<< [apiv2][body] GET https://runtimeconfig.googleapis.com/v1beta1/projects/chess-solutions-f8a5b/configs {}
[debug] [2026-08-15T20:51:53.435Z] Validating nodejs source
[warn] ⚠  functions: Runtime Node.js 20 was deprecated on 2026-04-30 and will be decommissioned on 2026-10-30, after which you will not be able to deploy without upgrading. Consider upgrading now to avoid disruption. See https://cloud.google.com/functions/docs/runtime-support for full details on the lifecycle policy 
[warn] ⚠  functions: package.json indicates an outdated version of firebase-functions. Please upgrade using npm install --save firebase-functions@latest in your functions directory. 
[warn] ⚠  functions: Please note that there will be breaking changes when you upgrade. 
[debug] [2026-08-15T20:51:54.052Z] > [functions] package.json contents: {
  "name": "functions",
  "private": true,
  "engines": {
    "node": "20"
  },
  "main": "lib/index.js",
  "scripts": {
    "build": "tsc",
    "deploy": "firebase deploy --only functions"
  },
  "dependencies": {
    "@google-cloud/vision": "^4.3.3",
    "firebase-admin": "^12.7.0",
    "firebase-functions": "^6.1.0"
  },
  "devDependencies": {
    "typescript": "^5.6.0"
  }
}
[debug] [2026-08-15T20:51:54.053Z] Building nodejs source
[info] i  functions: Loading and analyzing source code for codebase default to determine what to deploy 
[debug] [2026-08-15T20:51:54.053Z] Could not find functions.yaml. Must use http discovery
[debug] [2026-08-15T20:51:54.057Z] Found firebase-functions binary at '/Users/davidfvo/Repositories/chess-solutions/functions/node_modules/.bin/firebase-functions'
[info] Serving at port 8464

[debug] [2026-08-15T20:51:54.577Z] Got response from /__/functions.yaml {"endpoints":{"onUserDeleted":{"platform":"gcfv1","availableMemoryMb":null,"timeoutSeconds":null,"minInstances":null,"maxInstances":null,"ingressSettings":null,"serviceAccountEmail":null,"vpc":null,"eventTrigger":{"eventType":"providers/firebase.auth/eventTypes/user.delete","eventFilters":{"resource":"projects/chess-solutions-f8a5b"},"retry":false},"labels":{},"entryPoint":"onUserDeleted"},"moderateAvatar":{"platform":"gcfv1","availableMemoryMb":null,"timeoutSeconds":null,"minInstances":null,"maxInstances":null,"ingressSettings":null,"serviceAccountEmail":null,"vpc":null,"eventTrigger":{"eventType":"google.storage.object.finalize","eventFilters":{"resource":"projects/_/buckets/chess-solutions-f8a5b.firebasestorage.app"},"retry":false},"labels":{},"entryPoint":"moderateAvatar"}},"specVersion":"v1alpha1","requiredAPIs":[],"extensions":{}}
[debug] [2026-08-15T20:51:57.606Z] Checked if tokens are valid: true, expires at: 1786830709485
[debug] [2026-08-15T20:51:57.606Z] Checked if tokens are valid: true, expires at: 1786830709485
[debug] [2026-08-15T20:51:57.606Z] >>> [apiv2][query] GET https://cloudfunctions.googleapis.com/v1/projects/chess-solutions-f8a5b/locations/-/functions [none]
[debug] [2026-08-15T20:51:58.287Z] <<< [apiv2][status] GET https://cloudfunctions.googleapis.com/v1/projects/chess-solutions-f8a5b/locations/-/functions 200
[debug] [2026-08-15T20:51:58.287Z] <<< [apiv2][body] GET https://cloudfunctions.googleapis.com/v1/projects/chess-solutions-f8a5b/locations/-/functions {}
[debug] [2026-08-15T20:51:58.287Z] Checked if tokens are valid: true, expires at: 1786830709485
[debug] [2026-08-15T20:51:58.287Z] Checked if tokens are valid: true, expires at: 1786830709485
[debug] [2026-08-15T20:51:58.287Z] >>> [apiv2][query] GET https://cloudfunctions.googleapis.com/v2/projects/chess-solutions-f8a5b/locations/-/functions filter=environment%3D%22GEN_2%22
[debug] [2026-08-15T20:51:58.821Z] <<< [apiv2][status] GET https://cloudfunctions.googleapis.com/v2/projects/chess-solutions-f8a5b/locations/-/functions 200
[debug] [2026-08-15T20:51:58.821Z] <<< [apiv2][body] GET https://cloudfunctions.googleapis.com/v2/projects/chess-solutions-f8a5b/locations/-/functions {}
[info] i  extensions: ensuring required API firebaseextensions.googleapis.com is enabled... 
[debug] [2026-08-15T20:51:58.822Z] > command requires scopes: ["email","openid","https://www.googleapis.com/auth/cloudplatformprojects.readonly","https://www.googleapis.com/auth/firebase","https://www.googleapis.com/auth/cloud-platform"]
[debug] [2026-08-15T20:51:58.822Z] > authorizing via signed-in user (aquarius.solutions.rd@gmail.com)
[debug] [2026-08-15T20:51:58.822Z] [iam] checking project chess-solutions-f8a5b for permissions ["firebase.projects.get","firebaseextensions.instances.list"]
[debug] [2026-08-15T20:51:58.823Z] Checked if tokens are valid: true, expires at: 1786830709485
[debug] [2026-08-15T20:51:58.823Z] Checked if tokens are valid: true, expires at: 1786830709485
[debug] [2026-08-15T20:51:58.823Z] >>> [apiv2][query] POST https://cloudresourcemanager.googleapis.com/v1/projects/chess-solutions-f8a5b:testIamPermissions [none]
[debug] [2026-08-15T20:51:58.823Z] >>> [apiv2][(partial)header] POST https://cloudresourcemanager.googleapis.com/v1/projects/chess-solutions-f8a5b:testIamPermissions  x-goog-user-project=chess-solutions-f8a5b
[debug] [2026-08-15T20:51:58.823Z] >>> [apiv2][body] POST https://cloudresourcemanager.googleapis.com/v1/projects/chess-solutions-f8a5b:testIamPermissions {"permissions":["firebase.projects.get","firebaseextensions.instances.list"]}
[debug] [2026-08-15T20:51:59.124Z] <<< [apiv2][status] POST https://cloudresourcemanager.googleapis.com/v1/projects/chess-solutions-f8a5b:testIamPermissions 200
[debug] [2026-08-15T20:51:59.124Z] <<< [apiv2][body] POST https://cloudresourcemanager.googleapis.com/v1/projects/chess-solutions-f8a5b:testIamPermissions {"permissions":["firebase.projects.get","firebaseextensions.instances.list"]}
[debug] [2026-08-15T20:51:59.124Z] Checked if tokens are valid: true, expires at: 1786830709485
[debug] [2026-08-15T20:51:59.124Z] Checked if tokens are valid: true, expires at: 1786830709485
[debug] [2026-08-15T20:51:59.124Z] >>> [apiv2][query] GET https://firebaseextensions.googleapis.com/v1beta/projects/chess-solutions-f8a5b/instances pageSize=100&pageToken=
[debug] [2026-08-15T20:51:59.647Z] <<< [apiv2][status] GET https://firebaseextensions.googleapis.com/v1beta/projects/chess-solutions-f8a5b/instances 200
[debug] [2026-08-15T20:51:59.648Z] <<< [apiv2][body] GET https://firebaseextensions.googleapis.com/v1beta/projects/chess-solutions-f8a5b/instances {}
[debug] [2026-08-15T20:51:59.650Z] Attempting to merge .env secret bindings {} into declared secrets...)}
[debug] [2026-08-15T20:51:59.650Z] onUserDeleted declared secrets: undefined
[debug] [2026-08-15T20:51:59.650Z] moderateAvatar declared secrets: undefined
[info] i  functions: preparing functions directory for uploading... 
[info] i  functions: packaged /Users/davidfvo/Repositories/chess-solutions/functions (34.74 KB) for uploading 
[debug] [2026-08-15T20:51:59.690Z] Checked if tokens are valid: true, expires at: 1786830709485
[debug] [2026-08-15T20:51:59.690Z] Checked if tokens are valid: true, expires at: 1786830709485
[debug] [2026-08-15T20:51:59.690Z] >>> [apiv2][query] GET https://storage.googleapis.com/storage/v1/b/chess-solutions-f8a5b.firebasestorage.app [none]
[debug] [2026-08-15T20:52:00.013Z] <<< [apiv2][status] GET https://storage.googleapis.com/storage/v1/b/chess-solutions-f8a5b.firebasestorage.app 200
[debug] [2026-08-15T20:52:00.013Z] <<< [apiv2][body] GET https://storage.googleapis.com/storage/v1/b/chess-solutions-f8a5b.firebasestorage.app {"kind":"storage#bucket","selfLink":"https://www.googleapis.com/storage/v1/b/chess-solutions-f8a5b.firebasestorage.app","id":"chess-solutions-f8a5b.firebasestorage.app","name":"chess-solutions-f8a5b.firebasestorage.app","projectNumber":"346188478020","generation":"1784411832762309398","metageneration":"1","location":"US-EAST1","storageClass":"REGIONAL","etag":"CAE=","timeCreated":"2026-07-18T21:57:12.935Z","updated":"2026-07-18T21:57:12.935Z","softDeletePolicy":{"retentionDurationSeconds":"604800","effectiveTime":"2026-07-18T21:57:12.935Z"},"iamConfiguration":{"bucketPolicyOnly":{"enabled":false},"uniformBucketLevelAccess":{"enabled":false},"publicAccessPrevention":"inherited"},"locationType":"region","satisfiesPZI":true}
[debug] [2026-08-15T20:52:00.016Z] Checked if tokens are valid: true, expires at: 1786830709485
[debug] [2026-08-15T20:52:00.016Z] Checked if tokens are valid: true, expires at: 1786830709485
[debug] [2026-08-15T20:52:00.016Z] >>> [apiv2][query] GET https://cloudresourcemanager.googleapis.com/v1/projects/chess-solutions-f8a5b [none]
[debug] [2026-08-15T20:52:00.173Z] <<< [apiv2][status] GET https://cloudresourcemanager.googleapis.com/v1/projects/chess-solutions-f8a5b 200
[debug] [2026-08-15T20:52:00.173Z] <<< [apiv2][body] GET https://cloudresourcemanager.googleapis.com/v1/projects/chess-solutions-f8a5b {"projectNumber":"346188478020","projectId":"chess-solutions-f8a5b","lifecycleState":"ACTIVE","name":"Chess solutions","labels":{"firebase":"enabled","firebase-core":"disabled"},"createTime":"2026-07-18T21:49:11.323Z"}
[debug] [2026-08-15T20:52:00.175Z] Checked if tokens are valid: true, expires at: 1786830709485
[debug] [2026-08-15T20:52:00.175Z] Checked if tokens are valid: true, expires at: 1786830709485
[debug] [2026-08-15T20:52:00.175Z] >>> [apiv2][query] GET https://cloudbilling.googleapis.com/v1/projects/chess-solutions-f8a5b/billingInfo [none]
[debug] [2026-08-15T20:52:00.175Z] >>> [apiv2][(partial)header] GET https://cloudbilling.googleapis.com/v1/projects/chess-solutions-f8a5b/billingInfo  x-goog-user-project=chess-solutions-f8a5b
[debug] [2026-08-15T20:52:00.488Z] <<< [apiv2][status] GET https://cloudbilling.googleapis.com/v1/projects/chess-solutions-f8a5b/billingInfo 200
[debug] [2026-08-15T20:52:00.488Z] <<< [apiv2][body] GET https://cloudbilling.googleapis.com/v1/projects/chess-solutions-f8a5b/billingInfo {"name":"projects/chess-solutions-f8a5b/billingInfo","projectId":"chess-solutions-f8a5b","billingAccountName":"billingAccounts/01A11C-3D8B0C-11AD9A","billingEnabled":true}
[debug] [2026-08-15T20:52:00.490Z] Checked if tokens are valid: true, expires at: 1786830709485
[debug] [2026-08-15T20:52:00.490Z] Checked if tokens are valid: true, expires at: 1786830709485
[debug] [2026-08-15T20:52:00.491Z] >>> [apiv2][query] POST https://cloudfunctions.googleapis.com/v1/projects/chess-solutions-f8a5b/locations/us-central1/functions:generateUploadUrl [none]
[debug] [2026-08-15T20:52:00.491Z] >>> [apiv2][body] POST https://cloudfunctions.googleapis.com/v1/projects/chess-solutions-f8a5b/locations/us-central1/functions:generateUploadUrl {}
[debug] [2026-08-15T20:52:01.083Z] <<< [apiv2][status] POST https://cloudfunctions.googleapis.com/v1/projects/chess-solutions-f8a5b/locations/us-central1/functions:generateUploadUrl 200
[debug] [2026-08-15T20:52:01.083Z] <<< [apiv2][body] POST https://cloudfunctions.googleapis.com/v1/projects/chess-solutions-f8a5b/locations/us-central1/functions:generateUploadUrl {"uploadUrl":"https://storage.googleapis.com/uploads-662006214346.us-central1.cloudfunctions.appspot.com/0eac3f7d-a1ef-436d-91c7-546a5d8939c9.zip?GoogleAccessId=service-346188478020@gcf-admin-robot.iam.gserviceaccount.com&Expires=1786828921&Signature=TofWx5FkHGD%2BQAy2oUT2or2mkHpvB1Z2bihIi2PPqtAM%2B3FvcPcU5qku%2FDgL726gyQk%2B017hGvMgSvNhLB243t39QludLw9fCzFo7jOvKIHMXpZsDAxMRUZA2YFnqSIJ9gtlzdnbLH2Drxhjbex2qyOxIG3J%2FrkmjQReVvEMA6t5qB1YIVaoxPLnm7AspuVxsEPv0WSIvwMX0pBTDpOZDTDYFSWJiymwG3JJohGVwnhDfkrmZjTpKnO5OXgyzFOHmljrXKHxWo7JGGyB2%2FIoJKEMR1W85Ph2%2Bw57qSY00KFkzfKtK6iXFVH1tyP033TxGZ%2F%2FqztsSsfaEr%2BQMDiZwg%3D%3D"}
[debug] [2026-08-15T20:52:01.085Z] >>> [apiv2][query] PUT https://storage.googleapis.com/uploads-662006214346.us-central1.cloudfunctions.appspot.com/0eac3f7d-a1ef-436d-91c7-546a5d8939c9.zip GoogleAccessId=service-346188478020%40gcf-admin-robot.iam.gserviceaccount.com&Expires=1786828921&Signature=TofWx5FkHGD%2BQAy2oUT2or2mkHpvB1Z2bihIi2PPqtAM%2B3FvcPcU5qku%2FDgL726gyQk%2B017hGvMgSvNhLB243t39QludLw9fCzFo7jOvKIHMXpZsDAxMRUZA2YFnqSIJ9gtlzdnbLH2Drxhjbex2qyOxIG3J%2FrkmjQReVvEMA6t5qB1YIVaoxPLnm7AspuVxsEPv0WSIvwMX0pBTDpOZDTDYFSWJiymwG3JJohGVwnhDfkrmZjTpKnO5OXgyzFOHmljrXKHxWo7JGGyB2%2FIoJKEMR1W85Ph2%2Bw57qSY00KFkzfKtK6iXFVH1tyP033TxGZ%2F%2FqztsSsfaEr%2BQMDiZwg%3D%3D
[debug] [2026-08-15T20:52:01.085Z] >>> [apiv2][body] PUT https://storage.googleapis.com/uploads-662006214346.us-central1.cloudfunctions.appspot.com/0eac3f7d-a1ef-436d-91c7-546a5d8939c9.zip [stream]
[debug] [2026-08-15T20:52:01.383Z] <<< [apiv2][status] PUT https://storage.googleapis.com/uploads-662006214346.us-central1.cloudfunctions.appspot.com/0eac3f7d-a1ef-436d-91c7-546a5d8939c9.zip 200
[debug] [2026-08-15T20:52:01.383Z] <<< [apiv2][body] PUT https://storage.googleapis.com/uploads-662006214346.us-central1.cloudfunctions.appspot.com/0eac3f7d-a1ef-436d-91c7-546a5d8939c9.zip [omitted]
[info] ✔  functions: functions source uploaded successfully 
[info] i  functions: creating Node.js 20 (1st Gen) function onUserDeleted(us-central1)... 
[info] i  functions: creating Node.js 20 (1st Gen) function moderateAvatar(us-central1)... 
[debug] [2026-08-15T20:52:01.390Z] Checked if tokens are valid: true, expires at: 1786830709485
[debug] [2026-08-15T20:52:01.390Z] Checked if tokens are valid: true, expires at: 1786830709485
[debug] [2026-08-15T20:52:01.391Z] >>> [apiv2][query] POST https://cloudfunctions.googleapis.com/v1/projects/chess-solutions-f8a5b/locations/us-central1/functions [none]
[debug] [2026-08-15T20:52:01.391Z] >>> [apiv2][body] POST https://cloudfunctions.googleapis.com/v1/projects/chess-solutions-f8a5b/locations/us-central1/functions {"name":"projects/chess-solutions-f8a5b/locations/us-central1/functions/onUserDeleted","sourceUploadUrl":"https://storage.googleapis.com/uploads-662006214346.us-central1.cloudfunctions.appspot.com/0eac3f7d-a1ef-436d-91c7-546a5d8939c9.zip?GoogleAccessId=service-346188478020@gcf-admin-robot.iam.gserviceaccount.com&Expires=1786828921&Signature=TofWx5FkHGD%2BQAy2oUT2or2mkHpvB1Z2bihIi2PPqtAM%2B3FvcPcU5qku%2FDgL726gyQk%2B017hGvMgSvNhLB243t39QludLw9fCzFo7jOvKIHMXpZsDAxMRUZA2YFnqSIJ9gtlzdnbLH2Drxhjbex2qyOxIG3J%2FrkmjQReVvEMA6t5qB1YIVaoxPLnm7AspuVxsEPv0WSIvwMX0pBTDpOZDTDYFSWJiymwG3JJohGVwnhDfkrmZjTpKnO5OXgyzFOHmljrXKHxWo7JGGyB2%2FIoJKEMR1W85Ph2%2Bw57qSY00KFkzfKtK6iXFVH1tyP033TxGZ%2F%2FqztsSsfaEr%2BQMDiZwg%3D%3D","entryPoint":"onUserDeleted","runtime":"nodejs20","dockerRegistry":"ARTIFACT_REGISTRY","labels":{"deployment-tool":"cli-firebase","firebase-functions-hash":"d4b2688b2fdfc44d13c69ed9a4799f8f2577f84d"},"eventTrigger":{"eventType":"providers/firebase.auth/eventTypes/user.delete","resource":"projects/chess-solutions-f8a5b"},"minInstances":null,"maxInstances":null,"ingressSettings":null,"environmentVariables":{"FIREBASE_CONFIG":"{\"projectId\":\"chess-solutions-f8a5b\",\"databaseURL\":\"https://chess-solutions-f8a5b-default-rtdb.firebaseio.com\",\"storageBucket\":\"chess-solutions-f8a5b.firebasestorage.app\"}","GCLOUD_PROJECT":"chess-solutions-f8a5b","EVENTARC_CLOUD_EVENT_SOURCE":"projects/chess-solutions-f8a5b/locations/us-central1/functions/onUserDeleted"},"serviceAccountEmail":null,"availableMemoryMb":null,"timeout":null,"vpcConnector":null,"vpcConnectorEgressSettings":null,"buildEnvironmentVariables":{"GOOGLE_NODE_RUN_SCRIPTS":""}}
[debug] [2026-08-15T20:52:03.342Z] <<< [apiv2][status] POST https://cloudfunctions.googleapis.com/v1/projects/chess-solutions-f8a5b/locations/us-central1/functions 200
[debug] [2026-08-15T20:52:03.343Z] <<< [apiv2][body] POST https://cloudfunctions.googleapis.com/v1/projects/chess-solutions-f8a5b/locations/us-central1/functions {"name":"operations/cHJvamVjdHMvY2hlc3Mtc29sdXRpb25zLWY4YTViL2xvY2F0aW9ucy91cy1jZW50cmFsMS9vcGVyYXRpb25zL29wZXJhdGlvbi0xNzg2ODI3MTIxNzM0LTY1OTFjMWJkZGIzOWItYWI5NzRhMjctOTU0YmUzN2U","metadata":{"@type":"type.googleapis.com/google.cloud.functions.v1.OperationMetadataV1","target":"projects/chess-solutions-f8a5b/locations/us-central1/functions/onUserDeleted","updateTime":"2026-08-15T20:52:03.398382763Z"}}
[debug] [2026-08-15T20:52:03.344Z] Checked if tokens are valid: true, expires at: 1786830709485
[debug] [2026-08-15T20:52:03.344Z] Checked if tokens are valid: true, expires at: 1786830709485
[debug] [2026-08-15T20:52:03.344Z] >>> [apiv2][query] GET https://cloudfunctions.googleapis.com/v1/operations/cHJvamVjdHMvY2hlc3Mtc29sdXRpb25zLWY4YTViL2xvY2F0aW9ucy91cy1jZW50cmFsMS9vcGVyYXRpb25zL29wZXJhdGlvbi0xNzg2ODI3MTIxNzM0LTY1OTFjMWJkZGIzOWItYWI5NzRhMjctOTU0YmUzN2U [none]
[debug] [2026-08-15T20:52:03.593Z] <<< [apiv2][status] GET https://cloudfunctions.googleapis.com/v1/operations/cHJvamVjdHMvY2hlc3Mtc29sdXRpb25zLWY4YTViL2xvY2F0aW9ucy91cy1jZW50cmFsMS9vcGVyYXRpb25zL29wZXJhdGlvbi0xNzg2ODI3MTIxNzM0LTY1OTFjMWJkZGIzOWItYWI5NzRhMjctOTU0YmUzN2U 200
[debug] [2026-08-15T20:52:03.594Z] <<< [apiv2][body] GET https://cloudfunctions.googleapis.com/v1/operations/cHJvamVjdHMvY2hlc3Mtc29sdXRpb25zLWY4YTViL2xvY2F0aW9ucy91cy1jZW50cmFsMS9vcGVyYXRpb25zL29wZXJhdGlvbi0xNzg2ODI3MTIxNzM0LTY1OTFjMWJkZGIzOWItYWI5NzRhMjctOTU0YmUzN2U {"name":"operations/cHJvamVjdHMvY2hlc3Mtc29sdXRpb25zLWY4YTViL2xvY2F0aW9ucy91cy1jZW50cmFsMS9vcGVyYXRpb25zL29wZXJhdGlvbi0xNzg2ODI3MTIxNzM0LTY1OTFjMWJkZGIzOWItYWI5NzRhMjctOTU0YmUzN2U","metadata":{"@type":"type.googleapis.com/google.cloud.functions.v1.OperationMetadataV1","target":"projects/chess-solutions-f8a5b/locations/us-central1/functions/onUserDeleted","updateTime":"2026-08-15T20:52:03.398382763Z"}}
[debug] [2026-08-15T20:52:04.094Z] [create-default-us-central1-onUserDeleted] Retrying task index 0
[debug] [2026-08-15T20:52:04.095Z] Checked if tokens are valid: true, expires at: 1786830709485
[debug] [2026-08-15T20:52:04.096Z] Checked if tokens are valid: true, expires at: 1786830709485
[debug] [2026-08-15T20:52:04.096Z] >>> [apiv2][query] GET https://cloudfunctions.googleapis.com/v1/operations/cHJvamVjdHMvY2hlc3Mtc29sdXRpb25zLWY4YTViL2xvY2F0aW9ucy91cy1jZW50cmFsMS9vcGVyYXRpb25zL29wZXJhdGlvbi0xNzg2ODI3MTIxNzM0LTY1OTFjMWJkZGIzOWItYWI5NzRhMjctOTU0YmUzN2U [none]
[debug] [2026-08-15T20:52:04.367Z] <<< [apiv2][status] GET https://cloudfunctions.googleapis.com/v1/operations/cHJvamVjdHMvY2hlc3Mtc29sdXRpb25zLWY4YTViL2xvY2F0aW9ucy91cy1jZW50cmFsMS9vcGVyYXRpb25zL29wZXJhdGlvbi0xNzg2ODI3MTIxNzM0LTY1OTFjMWJkZGIzOWItYWI5NzRhMjctOTU0YmUzN2U 200
[debug] [2026-08-15T20:52:04.368Z] <<< [apiv2][body] GET https://cloudfunctions.googleapis.com/v1/operations/cHJvamVjdHMvY2hlc3Mtc29sdXRpb25zLWY4YTViL2xvY2F0aW9ucy91cy1jZW50cmFsMS9vcGVyYXRpb25zL29wZXJhdGlvbi0xNzg2ODI3MTIxNzM0LTY1OTFjMWJkZGIzOWItYWI5NzRhMjctOTU0YmUzN2U {"name":"operations/cHJvamVjdHMvY2hlc3Mtc29sdXRpb25zLWY4YTViL2xvY2F0aW9ucy91cy1jZW50cmFsMS9vcGVyYXRpb25zL29wZXJhdGlvbi0xNzg2ODI3MTIxNzM0LTY1OTFjMWJkZGIzOWItYWI5NzRhMjctOTU0YmUzN2U","metadata":{"@type":"type.googleapis.com/google.cloud.functions.v1.OperationMetadataV1","target":"projects/chess-solutions-f8a5b/locations/us-central1/functions/onUserDeleted","type":"CREATE_FUNCTION","request":{"@type":"type.googleapis.com/google.cloud.functions.v1.CloudFunction","name":"projects/chess-solutions-f8a5b/locations/us-central1/functions/onUserDeleted","eventTrigger":{"eventType":"providers/firebase.auth/eventTypes/user.delete","resource":"projects/chess-solutions-f8a5b","failurePolicy":{}},"entryPoint":"onUserDeleted","updateTime":"1970-01-01T00:00:00Z","labels":{"deployment-tool":"cli-firebase","firebase-functions-hash":"d4b2688b2fdfc44d13c69ed9a4799f8f2577f84d"},"sourceUploadUrl":"https://storage.googleapis.com/uploads-662006214346.us-central1.cloudfunctions.appspot.com/0eac3f7d-a1ef-436d-91c7-546a5d8939c9.zip?GoogleAccessId=service-346188478020@gcf-admin-robot.iam.gserviceaccount.com&Expires=1786828921&Signature=TofWx5FkHGD%2BQAy2oUT2or2mkHpvB1Z2bihIi2PPqtAM%2B3FvcPcU5qku%2FDgL726gyQk%2B017hGvMgSvNhLB243t39QludLw9fCzFo7jOvKIHMXpZsDAxMRUZA2YFnqSIJ9gtlzdnbLH2Drxhjbex2qyOxIG3J%2FrkmjQReVvEMA6t5qB1YIVaoxPLnm7AspuVxsEPv0WSIvwMX0pBTDpOZDTDYFSWJiymwG3JJohGVwnhDfkrmZjTpKnO5OXgyzFOHmljrXKHxWo7JGGyB2%2FIoJKEMR1W85Ph2%2Bw57qSY00KFkzfKtK6iXFVH1tyP033TxGZ%2F%2FqztsSsfaEr%2BQMDiZwg%3D%3D","environmentVariables":{"FIREBASE_CONFIG":"{\"projectId\":\"chess-solutions-f8a5b\",\"databaseURL\":\"https://chess-solutions-f8a5b-default-rtdb.firebaseio.com\",\"storageBucket\":\"chess-solutions-f8a5b.firebasestorage.app\"}","GCLOUD_PROJECT":"chess-solutions-f8a5b","EVENTARC_CLOUD_EVENT_SOURCE":"projects/chess-solutions-f8a5b/locations/us-central1/functions/onUserDeleted"},"runtime":"nodejs20","buildEnvironmentVariables":{"GOOGLE_NODE_RUN_SCRIPTS":""},"dockerRegistry":"ARTIFACT_REGISTRY"},"versionId":"1","updateTime":"2026-08-15T20:52:03.398382763Z"}}
[debug] [2026-08-15T20:52:05.369Z] [create-default-us-central1-onUserDeleted] Retrying task index 0
[debug] [2026-08-15T20:52:05.370Z] Checked if tokens are valid: true, expires at: 1786830709485
[debug] [2026-08-15T20:52:05.370Z] Checked if tokens are valid: true, expires at: 1786830709485
[debug] [2026-08-15T20:52:05.370Z] >>> [apiv2][query] GET https://cloudfunctions.googleapis.com/v1/operations/cHJvamVjdHMvY2hlc3Mtc29sdXRpb25zLWY4YTViL2xvY2F0aW9ucy91cy1jZW50cmFsMS9vcGVyYXRpb25zL29wZXJhdGlvbi0xNzg2ODI3MTIxNzM0LTY1OTFjMWJkZGIzOWItYWI5NzRhMjctOTU0YmUzN2U [none]
[debug] [2026-08-15T20:52:05.664Z] <<< [apiv2][status] GET https://cloudfunctions.googleapis.com/v1/operations/cHJvamVjdHMvY2hlc3Mtc29sdXRpb25zLWY4YTViL2xvY2F0aW9ucy91cy1jZW50cmFsMS9vcGVyYXRpb25zL29wZXJhdGlvbi0xNzg2ODI3MTIxNzM0LTY1OTFjMWJkZGIzOWItYWI5NzRhMjctOTU0YmUzN2U 200
[debug] [2026-08-15T20:52:05.665Z] <<< [apiv2][body] GET https://cloudfunctions.googleapis.com/v1/operations/cHJvamVjdHMvY2hlc3Mtc29sdXRpb25zLWY4YTViL2xvY2F0aW9ucy91cy1jZW50cmFsMS9vcGVyYXRpb25zL29wZXJhdGlvbi0xNzg2ODI3MTIxNzM0LTY1OTFjMWJkZGIzOWItYWI5NzRhMjctOTU0YmUzN2U {"name":"operations/cHJvamVjdHMvY2hlc3Mtc29sdXRpb25zLWY4YTViL2xvY2F0aW9ucy91cy1jZW50cmFsMS9vcGVyYXRpb25zL29wZXJhdGlvbi0xNzg2ODI3MTIxNzM0LTY1OTFjMWJkZGIzOWItYWI5NzRhMjctOTU0YmUzN2U","metadata":{"@type":"type.googleapis.com/google.cloud.functions.v1.OperationMetadataV1","target":"projects/chess-solutions-f8a5b/locations/us-central1/functions/onUserDeleted","type":"CREATE_FUNCTION","request":{"@type":"type.googleapis.com/google.cloud.functions.v1.CloudFunction","name":"projects/chess-solutions-f8a5b/locations/us-central1/functions/onUserDeleted","eventTrigger":{"eventType":"providers/firebase.auth/eventTypes/user.delete","resource":"projects/chess-solutions-f8a5b","failurePolicy":{}},"entryPoint":"onUserDeleted","updateTime":"1970-01-01T00:00:00Z","labels":{"deployment-tool":"cli-firebase","firebase-functions-hash":"d4b2688b2fdfc44d13c69ed9a4799f8f2577f84d"},"sourceUploadUrl":"https://storage.googleapis.com/uploads-662006214346.us-central1.cloudfunctions.appspot.com/0eac3f7d-a1ef-436d-91c7-546a5d8939c9.zip?GoogleAccessId=service-346188478020@gcf-admin-robot.iam.gserviceaccount.com&Expires=1786828921&Signature=TofWx5FkHGD%2BQAy2oUT2or2mkHpvB1Z2bihIi2PPqtAM%2B3FvcPcU5qku%2FDgL726gyQk%2B017hGvMgSvNhLB243t39QludLw9fCzFo7jOvKIHMXpZsDAxMRUZA2YFnqSIJ9gtlzdnbLH2Drxhjbex2qyOxIG3J%2FrkmjQReVvEMA6t5qB1YIVaoxPLnm7AspuVxsEPv0WSIvwMX0pBTDpOZDTDYFSWJiymwG3JJohGVwnhDfkrmZjTpKnO5OXgyzFOHmljrXKHxWo7JGGyB2%2FIoJKEMR1W85Ph2%2Bw57qSY00KFkzfKtK6iXFVH1tyP033TxGZ%2F%2FqztsSsfaEr%2BQMDiZwg%3D%3D","environmentVariables":{"FIREBASE_CONFIG":"{\"projectId\":\"chess-solutions-f8a5b\",\"databaseURL\":\"https://chess-solutions-f8a5b-default-rtdb.firebaseio.com\",\"storageBucket\":\"chess-solutions-f8a5b.firebasestorage.app\"}","GCLOUD_PROJECT":"chess-solutions-f8a5b","EVENTARC_CLOUD_EVENT_SOURCE":"projects/chess-solutions-f8a5b/locations/us-central1/functions/onUserDeleted"},"runtime":"nodejs20","buildEnvironmentVariables":{"GOOGLE_NODE_RUN_SCRIPTS":""},"dockerRegistry":"ARTIFACT_REGISTRY"},"versionId":"1","updateTime":"2026-08-15T20:52:03.398382763Z"}}
[debug] [2026-08-15T20:52:07.666Z] [create-default-us-central1-onUserDeleted] Retrying task index 0
[debug] [2026-08-15T20:52:07.667Z] Checked if tokens are valid: true, expires at: 1786830709485
[debug] [2026-08-15T20:52:07.667Z] Checked if tokens are valid: true, expires at: 1786830709485
[debug] [2026-08-15T20:52:07.667Z] >>> [apiv2][query] GET https://cloudfunctions.googleapis.com/v1/operations/cHJvamVjdHMvY2hlc3Mtc29sdXRpb25zLWY4YTViL2xvY2F0aW9ucy91cy1jZW50cmFsMS9vcGVyYXRpb25zL29wZXJhdGlvbi0xNzg2ODI3MTIxNzM0LTY1OTFjMWJkZGIzOWItYWI5NzRhMjctOTU0YmUzN2U [none]
[debug] [2026-08-15T20:52:07.917Z] <<< [apiv2][status] GET https://cloudfunctions.googleapis.com/v1/operations/cHJvamVjdHMvY2hlc3Mtc29sdXRpb25zLWY4YTViL2xvY2F0aW9ucy91cy1jZW50cmFsMS9vcGVyYXRpb25zL29wZXJhdGlvbi0xNzg2ODI3MTIxNzM0LTY1OTFjMWJkZGIzOWItYWI5NzRhMjctOTU0YmUzN2U 200
[debug] [2026-08-15T20:52:07.917Z] <<< [apiv2][body] GET https://cloudfunctions.googleapis.com/v1/operations/cHJvamVjdHMvY2hlc3Mtc29sdXRpb25zLWY4YTViL2xvY2F0aW9ucy91cy1jZW50cmFsMS9vcGVyYXRpb25zL29wZXJhdGlvbi0xNzg2ODI3MTIxNzM0LTY1OTFjMWJkZGIzOWItYWI5NzRhMjctOTU0YmUzN2U {"name":"operations/cHJvamVjdHMvY2hlc3Mtc29sdXRpb25zLWY4YTViL2xvY2F0aW9ucy91cy1jZW50cmFsMS9vcGVyYXRpb25zL29wZXJhdGlvbi0xNzg2ODI3MTIxNzM0LTY1OTFjMWJkZGIzOWItYWI5NzRhMjctOTU0YmUzN2U","metadata":{"@type":"type.googleapis.com/google.cloud.functions.v1.OperationMetadataV1","target":"projects/chess-solutions-f8a5b/locations/us-central1/functions/onUserDeleted","type":"CREATE_FUNCTION","request":{"@type":"type.googleapis.com/google.cloud.functions.v1.CloudFunction","name":"projects/chess-solutions-f8a5b/locations/us-central1/functions/onUserDeleted","eventTrigger":{"eventType":"providers/firebase.auth/eventTypes/user.delete","resource":"projects/chess-solutions-f8a5b","failurePolicy":{}},"entryPoint":"onUserDeleted","updateTime":"1970-01-01T00:00:00Z","labels":{"deployment-tool":"cli-firebase","firebase-functions-hash":"d4b2688b2fdfc44d13c69ed9a4799f8f2577f84d"},"sourceUploadUrl":"https://storage.googleapis.com/uploads-662006214346.us-central1.cloudfunctions.appspot.com/0eac3f7d-a1ef-436d-91c7-546a5d8939c9.zip?GoogleAccessId=service-346188478020@gcf-admin-robot.iam.gserviceaccount.com&Expires=1786828921&Signature=TofWx5FkHGD%2BQAy2oUT2or2mkHpvB1Z2bihIi2PPqtAM%2B3FvcPcU5qku%2FDgL726gyQk%2B017hGvMgSvNhLB243t39QludLw9fCzFo7jOvKIHMXpZsDAxMRUZA2YFnqSIJ9gtlzdnbLH2Drxhjbex2qyOxIG3J%2FrkmjQReVvEMA6t5qB1YIVaoxPLnm7AspuVxsEPv0WSIvwMX0pBTDpOZDTDYFSWJiymwG3JJohGVwnhDfkrmZjTpKnO5OXgyzFOHmljrXKHxWo7JGGyB2%2FIoJKEMR1W85Ph2%2Bw57qSY00KFkzfKtK6iXFVH1tyP033TxGZ%2F%2FqztsSsfaEr%2BQMDiZwg%3D%3D","environmentVariables":{"FIREBASE_CONFIG":"{\"projectId\":\"chess-solutions-f8a5b\",\"databaseURL\":\"https://chess-solutions-f8a5b-default-rtdb.firebaseio.com\",\"storageBucket\":\"chess-solutions-f8a5b.firebasestorage.app\"}","GCLOUD_PROJECT":"chess-solutions-f8a5b","EVENTARC_CLOUD_EVENT_SOURCE":"projects/chess-solutions-f8a5b/locations/us-central1/functions/onUserDeleted"},"runtime":"nodejs20","buildEnvironmentVariables":{"GOOGLE_NODE_RUN_SCRIPTS":""},"dockerRegistry":"ARTIFACT_REGISTRY"},"versionId":"1","updateTime":"2026-08-15T20:52:03.398382763Z"}}
[debug] [2026-08-15T20:52:11.918Z] [create-default-us-central1-onUserDeleted] Retrying task index 0
[debug] [2026-08-15T20:52:11.919Z] Checked if tokens are valid: true, expires at: 1786830709485
[debug] [2026-08-15T20:52:11.919Z] Checked if tokens are valid: true, expires at: 1786830709485
[debug] [2026-08-15T20:52:11.919Z] >>> [apiv2][query] GET https://cloudfunctions.googleapis.com/v1/operations/cHJvamVjdHMvY2hlc3Mtc29sdXRpb25zLWY4YTViL2xvY2F0aW9ucy91cy1jZW50cmFsMS9vcGVyYXRpb25zL29wZXJhdGlvbi0xNzg2ODI3MTIxNzM0LTY1OTFjMWJkZGIzOWItYWI5NzRhMjctOTU0YmUzN2U [none]
[debug] [2026-08-15T20:52:12.232Z] <<< [apiv2][status] GET https://cloudfunctions.googleapis.com/v1/operations/cHJvamVjdHMvY2hlc3Mtc29sdXRpb25zLWY4YTViL2xvY2F0aW9ucy91cy1jZW50cmFsMS9vcGVyYXRpb25zL29wZXJhdGlvbi0xNzg2ODI3MTIxNzM0LTY1OTFjMWJkZGIzOWItYWI5NzRhMjctOTU0YmUzN2U 200
[debug] [2026-08-15T20:52:12.232Z] <<< [apiv2][body] GET https://cloudfunctions.googleapis.com/v1/operations/cHJvamVjdHMvY2hlc3Mtc29sdXRpb25zLWY4YTViL2xvY2F0aW9ucy91cy1jZW50cmFsMS9vcGVyYXRpb25zL29wZXJhdGlvbi0xNzg2ODI3MTIxNzM0LTY1OTFjMWJkZGIzOWItYWI5NzRhMjctOTU0YmUzN2U {"name":"operations/cHJvamVjdHMvY2hlc3Mtc29sdXRpb25zLWY4YTViL2xvY2F0aW9ucy91cy1jZW50cmFsMS9vcGVyYXRpb25zL29wZXJhdGlvbi0xNzg2ODI3MTIxNzM0LTY1OTFjMWJkZGIzOWItYWI5NzRhMjctOTU0YmUzN2U","metadata":{"@type":"type.googleapis.com/google.cloud.functions.v1.OperationMetadataV1","target":"projects/chess-solutions-f8a5b/locations/us-central1/functions/onUserDeleted","type":"CREATE_FUNCTION","request":{"@type":"type.googleapis.com/google.cloud.functions.v1.CloudFunction","name":"projects/chess-solutions-f8a5b/locations/us-central1/functions/onUserDeleted","eventTrigger":{"eventType":"providers/firebase.auth/eventTypes/user.delete","resource":"projects/chess-solutions-f8a5b","failurePolicy":{}},"entryPoint":"onUserDeleted","updateTime":"1970-01-01T00:00:00Z","labels":{"deployment-tool":"cli-firebase","firebase-functions-hash":"d4b2688b2fdfc44d13c69ed9a4799f8f2577f84d"},"sourceUploadUrl":"https://storage.googleapis.com/uploads-662006214346.us-central1.cloudfunctions.appspot.com/0eac3f7d-a1ef-436d-91c7-546a5d8939c9.zip?GoogleAccessId=service-346188478020@gcf-admin-robot.iam.gserviceaccount.com&Expires=1786828921&Signature=TofWx5FkHGD%2BQAy2oUT2or2mkHpvB1Z2bihIi2PPqtAM%2B3FvcPcU5qku%2FDgL726gyQk%2B017hGvMgSvNhLB243t39QludLw9fCzFo7jOvKIHMXpZsDAxMRUZA2YFnqSIJ9gtlzdnbLH2Drxhjbex2qyOxIG3J%2FrkmjQReVvEMA6t5qB1YIVaoxPLnm7AspuVxsEPv0WSIvwMX0pBTDpOZDTDYFSWJiymwG3JJohGVwnhDfkrmZjTpKnO5OXgyzFOHmljrXKHxWo7JGGyB2%2FIoJKEMR1W85Ph2%2Bw57qSY00KFkzfKtK6iXFVH1tyP033TxGZ%2F%2FqztsSsfaEr%2BQMDiZwg%3D%3D","environmentVariables":{"FIREBASE_CONFIG":"{\"projectId\":\"chess-solutions-f8a5b\",\"databaseURL\":\"https://chess-solutions-f8a5b-default-rtdb.firebaseio.com\",\"storageBucket\":\"chess-solutions-f8a5b.firebasestorage.app\"}","GCLOUD_PROJECT":"chess-solutions-f8a5b","EVENTARC_CLOUD_EVENT_SOURCE":"projects/chess-solutions-f8a5b/locations/us-central1/functions/onUserDeleted"},"runtime":"nodejs20","buildEnvironmentVariables":{"GOOGLE_NODE_RUN_SCRIPTS":""},"dockerRegistry":"ARTIFACT_REGISTRY"},"versionId":"1","updateTime":"2026-08-15T20:52:03.398382763Z"}}
[debug] [2026-08-15T20:52:20.233Z] [create-default-us-central1-onUserDeleted] Retrying task index 0
[debug] [2026-08-15T20:52:20.234Z] Checked if tokens are valid: true, expires at: 1786830709485
[debug] [2026-08-15T20:52:20.234Z] Checked if tokens are valid: true, expires at: 1786830709485
[debug] [2026-08-15T20:52:20.234Z] >>> [apiv2][query] GET https://cloudfunctions.googleapis.com/v1/operations/cHJvamVjdHMvY2hlc3Mtc29sdXRpb25zLWY4YTViL2xvY2F0aW9ucy91cy1jZW50cmFsMS9vcGVyYXRpb25zL29wZXJhdGlvbi0xNzg2ODI3MTIxNzM0LTY1OTFjMWJkZGIzOWItYWI5NzRhMjctOTU0YmUzN2U [none]
[debug] [2026-08-15T20:52:20.446Z] <<< [apiv2][status] GET https://cloudfunctions.googleapis.com/v1/operations/cHJvamVjdHMvY2hlc3Mtc29sdXRpb25zLWY4YTViL2xvY2F0aW9ucy91cy1jZW50cmFsMS9vcGVyYXRpb25zL29wZXJhdGlvbi0xNzg2ODI3MTIxNzM0LTY1OTFjMWJkZGIzOWItYWI5NzRhMjctOTU0YmUzN2U 200
[debug] [2026-08-15T20:52:20.446Z] <<< [apiv2][body] GET https://cloudfunctions.googleapis.com/v1/operations/cHJvamVjdHMvY2hlc3Mtc29sdXRpb25zLWY4YTViL2xvY2F0aW9ucy91cy1jZW50cmFsMS9vcGVyYXRpb25zL29wZXJhdGlvbi0xNzg2ODI3MTIxNzM0LTY1OTFjMWJkZGIzOWItYWI5NzRhMjctOTU0YmUzN2U {"name":"operations/cHJvamVjdHMvY2hlc3Mtc29sdXRpb25zLWY4YTViL2xvY2F0aW9ucy91cy1jZW50cmFsMS9vcGVyYXRpb25zL29wZXJhdGlvbi0xNzg2ODI3MTIxNzM0LTY1OTFjMWJkZGIzOWItYWI5NzRhMjctOTU0YmUzN2U","metadata":{"@type":"type.googleapis.com/google.cloud.functions.v1.OperationMetadataV1","target":"projects/chess-solutions-f8a5b/locations/us-central1/functions/onUserDeleted","type":"CREATE_FUNCTION","request":{"@type":"type.googleapis.com/google.cloud.functions.v1.CloudFunction","name":"projects/chess-solutions-f8a5b/locations/us-central1/functions/onUserDeleted","eventTrigger":{"eventType":"providers/firebase.auth/eventTypes/user.delete","resource":"projects/chess-solutions-f8a5b","failurePolicy":{}},"entryPoint":"onUserDeleted","updateTime":"1970-01-01T00:00:00Z","labels":{"deployment-tool":"cli-firebase","firebase-functions-hash":"d4b2688b2fdfc44d13c69ed9a4799f8f2577f84d"},"sourceUploadUrl":"https://storage.googleapis.com/uploads-662006214346.us-central1.cloudfunctions.appspot.com/0eac3f7d-a1ef-436d-91c7-546a5d8939c9.zip?GoogleAccessId=service-346188478020@gcf-admin-robot.iam.gserviceaccount.com&Expires=1786828921&Signature=TofWx5FkHGD%2BQAy2oUT2or2mkHpvB1Z2bihIi2PPqtAM%2B3FvcPcU5qku%2FDgL726gyQk%2B017hGvMgSvNhLB243t39QludLw9fCzFo7jOvKIHMXpZsDAxMRUZA2YFnqSIJ9gtlzdnbLH2Drxhjbex2qyOxIG3J%2FrkmjQReVvEMA6t5qB1YIVaoxPLnm7AspuVxsEPv0WSIvwMX0pBTDpOZDTDYFSWJiymwG3JJohGVwnhDfkrmZjTpKnO5OXgyzFOHmljrXKHxWo7JGGyB2%2FIoJKEMR1W85Ph2%2Bw57qSY00KFkzfKtK6iXFVH1tyP033TxGZ%2F%2FqztsSsfaEr%2BQMDiZwg%3D%3D","environmentVariables":{"FIREBASE_CONFIG":"{\"projectId\":\"chess-solutions-f8a5b\",\"databaseURL\":\"https://chess-solutions-f8a5b-default-rtdb.firebaseio.com\",\"storageBucket\":\"chess-solutions-f8a5b.firebasestorage.app\"}","GCLOUD_PROJECT":"chess-solutions-f8a5b","EVENTARC_CLOUD_EVENT_SOURCE":"projects/chess-solutions-f8a5b/locations/us-central1/functions/onUserDeleted"},"runtime":"nodejs20","buildEnvironmentVariables":{"GOOGLE_NODE_RUN_SCRIPTS":""},"dockerRegistry":"ARTIFACT_REGISTRY"},"versionId":"1","updateTime":"2026-08-15T20:52:03.398382763Z"}}
[debug] [2026-08-15T20:52:30.447Z] [create-default-us-central1-onUserDeleted] Retrying task index 0
[debug] [2026-08-15T20:52:30.447Z] Checked if tokens are valid: true, expires at: 1786830709485
[debug] [2026-08-15T20:52:30.448Z] Checked if tokens are valid: true, expires at: 1786830709485
[debug] [2026-08-15T20:52:30.448Z] >>> [apiv2][query] GET https://cloudfunctions.googleapis.com/v1/operations/cHJvamVjdHMvY2hlc3Mtc29sdXRpb25zLWY4YTViL2xvY2F0aW9ucy91cy1jZW50cmFsMS9vcGVyYXRpb25zL29wZXJhdGlvbi0xNzg2ODI3MTIxNzM0LTY1OTFjMWJkZGIzOWItYWI5NzRhMjctOTU0YmUzN2U [none]
[debug] [2026-08-15T20:52:30.904Z] <<< [apiv2][status] GET https://cloudfunctions.googleapis.com/v1/operations/cHJvamVjdHMvY2hlc3Mtc29sdXRpb25zLWY4YTViL2xvY2F0aW9ucy91cy1jZW50cmFsMS9vcGVyYXRpb25zL29wZXJhdGlvbi0xNzg2ODI3MTIxNzM0LTY1OTFjMWJkZGIzOWItYWI5NzRhMjctOTU0YmUzN2U 200
[debug] [2026-08-15T20:52:30.904Z] <<< [apiv2][body] GET https://cloudfunctions.googleapis.com/v1/operations/cHJvamVjdHMvY2hlc3Mtc29sdXRpb25zLWY4YTViL2xvY2F0aW9ucy91cy1jZW50cmFsMS9vcGVyYXRpb25zL29wZXJhdGlvbi0xNzg2ODI3MTIxNzM0LTY1OTFjMWJkZGIzOWItYWI5NzRhMjctOTU0YmUzN2U {"name":"operations/cHJvamVjdHMvY2hlc3Mtc29sdXRpb25zLWY4YTViL2xvY2F0aW9ucy91cy1jZW50cmFsMS9vcGVyYXRpb25zL29wZXJhdGlvbi0xNzg2ODI3MTIxNzM0LTY1OTFjMWJkZGIzOWItYWI5NzRhMjctOTU0YmUzN2U","metadata":{"@type":"type.googleapis.com/google.cloud.functions.v1.OperationMetadataV1","target":"projects/chess-solutions-f8a5b/locations/us-central1/functions/onUserDeleted","type":"CREATE_FUNCTION","request":{"@type":"type.googleapis.com/google.cloud.functions.v1.CloudFunction","name":"projects/chess-solutions-f8a5b/locations/us-central1/functions/onUserDeleted","eventTrigger":{"eventType":"providers/firebase.auth/eventTypes/user.delete","resource":"projects/chess-solutions-f8a5b","failurePolicy":{}},"entryPoint":"onUserDeleted","updateTime":"1970-01-01T00:00:00Z","labels":{"deployment-tool":"cli-firebase","firebase-functions-hash":"d4b2688b2fdfc44d13c69ed9a4799f8f2577f84d"},"sourceUploadUrl":"https://storage.googleapis.com/uploads-662006214346.us-central1.cloudfunctions.appspot.com/0eac3f7d-a1ef-436d-91c7-546a5d8939c9.zip?GoogleAccessId=service-346188478020@gcf-admin-robot.iam.gserviceaccount.com&Expires=1786828921&Signature=TofWx5FkHGD%2BQAy2oUT2or2mkHpvB1Z2bihIi2PPqtAM%2B3FvcPcU5qku%2FDgL726gyQk%2B017hGvMgSvNhLB243t39QludLw9fCzFo7jOvKIHMXpZsDAxMRUZA2YFnqSIJ9gtlzdnbLH2Drxhjbex2qyOxIG3J%2FrkmjQReVvEMA6t5qB1YIVaoxPLnm7AspuVxsEPv0WSIvwMX0pBTDpOZDTDYFSWJiymwG3JJohGVwnhDfkrmZjTpKnO5OXgyzFOHmljrXKHxWo7JGGyB2%2FIoJKEMR1W85Ph2%2Bw57qSY00KFkzfKtK6iXFVH1tyP033TxGZ%2F%2FqztsSsfaEr%2BQMDiZwg%3D%3D","environmentVariables":{"FIREBASE_CONFIG":"{\"projectId\":\"chess-solutions-f8a5b\",\"databaseURL\":\"https://chess-solutions-f8a5b-default-rtdb.firebaseio.com\",\"storageBucket\":\"chess-solutions-f8a5b.firebasestorage.app\"}","GCLOUD_PROJECT":"chess-solutions-f8a5b","EVENTARC_CLOUD_EVENT_SOURCE":"projects/chess-solutions-f8a5b/locations/us-central1/functions/onUserDeleted"},"runtime":"nodejs20","buildEnvironmentVariables":{"GOOGLE_NODE_RUN_SCRIPTS":""},"dockerRegistry":"ARTIFACT_REGISTRY"},"versionId":"1","updateTime":"2026-08-15T20:52:03.398382763Z","buildId":"4868895b-633d-4c60-afc1-237eb929a126","buildName":"projects/346188478020/locations/us-central1/builds/4868895b-633d-4c60-afc1-237eb929a126"}}
[debug] [2026-08-15T20:52:40.905Z] [create-default-us-central1-onUserDeleted] Retrying task index 0
[debug] [2026-08-15T20:52:40.906Z] Checked if tokens are valid: true, expires at: 1786830709485
[debug] [2026-08-15T20:52:40.906Z] Checked if tokens are valid: true, expires at: 1786830709485
[debug] [2026-08-15T20:52:40.906Z] >>> [apiv2][query] GET https://cloudfunctions.googleapis.com/v1/operations/cHJvamVjdHMvY2hlc3Mtc29sdXRpb25zLWY4YTViL2xvY2F0aW9ucy91cy1jZW50cmFsMS9vcGVyYXRpb25zL29wZXJhdGlvbi0xNzg2ODI3MTIxNzM0LTY1OTFjMWJkZGIzOWItYWI5NzRhMjctOTU0YmUzN2U [none]
[debug] [2026-08-15T20:52:41.280Z] <<< [apiv2][status] GET https://cloudfunctions.googleapis.com/v1/operations/cHJvamVjdHMvY2hlc3Mtc29sdXRpb25zLWY4YTViL2xvY2F0aW9ucy91cy1jZW50cmFsMS9vcGVyYXRpb25zL29wZXJhdGlvbi0xNzg2ODI3MTIxNzM0LTY1OTFjMWJkZGIzOWItYWI5NzRhMjctOTU0YmUzN2U 200
[debug] [2026-08-15T20:52:41.281Z] <<< [apiv2][body] GET https://cloudfunctions.googleapis.com/v1/operations/cHJvamVjdHMvY2hlc3Mtc29sdXRpb25zLWY4YTViL2xvY2F0aW9ucy91cy1jZW50cmFsMS9vcGVyYXRpb25zL29wZXJhdGlvbi0xNzg2ODI3MTIxNzM0LTY1OTFjMWJkZGIzOWItYWI5NzRhMjctOTU0YmUzN2U {"name":"operations/cHJvamVjdHMvY2hlc3Mtc29sdXRpb25zLWY4YTViL2xvY2F0aW9ucy91cy1jZW50cmFsMS9vcGVyYXRpb25zL29wZXJhdGlvbi0xNzg2ODI3MTIxNzM0LTY1OTFjMWJkZGIzOWItYWI5NzRhMjctOTU0YmUzN2U","metadata":{"@type":"type.googleapis.com/google.cloud.functions.v1.OperationMetadataV1","target":"projects/chess-solutions-f8a5b/locations/us-central1/functions/onUserDeleted","type":"CREATE_FUNCTION","request":{"@type":"type.googleapis.com/google.cloud.functions.v1.CloudFunction","name":"projects/chess-solutions-f8a5b/locations/us-central1/functions/onUserDeleted","eventTrigger":{"eventType":"providers/firebase.auth/eventTypes/user.delete","resource":"projects/chess-solutions-f8a5b","failurePolicy":{}},"entryPoint":"onUserDeleted","updateTime":"1970-01-01T00:00:00Z","labels":{"deployment-tool":"cli-firebase","firebase-functions-hash":"d4b2688b2fdfc44d13c69ed9a4799f8f2577f84d"},"sourceUploadUrl":"https://storage.googleapis.com/uploads-662006214346.us-central1.cloudfunctions.appspot.com/0eac3f7d-a1ef-436d-91c7-546a5d8939c9.zip?GoogleAccessId=service-346188478020@gcf-admin-robot.iam.gserviceaccount.com&Expires=1786828921&Signature=TofWx5FkHGD%2BQAy2oUT2or2mkHpvB1Z2bihIi2PPqtAM%2B3FvcPcU5qku%2FDgL726gyQk%2B017hGvMgSvNhLB243t39QludLw9fCzFo7jOvKIHMXpZsDAxMRUZA2YFnqSIJ9gtlzdnbLH2Drxhjbex2qyOxIG3J%2FrkmjQReVvEMA6t5qB1YIVaoxPLnm7AspuVxsEPv0WSIvwMX0pBTDpOZDTDYFSWJiymwG3JJohGVwnhDfkrmZjTpKnO5OXgyzFOHmljrXKHxWo7JGGyB2%2FIoJKEMR1W85Ph2%2Bw57qSY00KFkzfKtK6iXFVH1tyP033TxGZ%2F%2FqztsSsfaEr%2BQMDiZwg%3D%3D","environmentVariables":{"FIREBASE_CONFIG":"{\"projectId\":\"chess-solutions-f8a5b\",\"databaseURL\":\"https://chess-solutions-f8a5b-default-rtdb.firebaseio.com\",\"storageBucket\":\"chess-solutions-f8a5b.firebasestorage.app\"}","GCLOUD_PROJECT":"chess-solutions-f8a5b","EVENTARC_CLOUD_EVENT_SOURCE":"projects/chess-solutions-f8a5b/locations/us-central1/functions/onUserDeleted"},"runtime":"nodejs20","buildEnvironmentVariables":{"GOOGLE_NODE_RUN_SCRIPTS":""},"dockerRegistry":"ARTIFACT_REGISTRY"},"versionId":"1","updateTime":"2026-08-15T20:52:03.398382763Z","buildId":"4868895b-633d-4c60-afc1-237eb929a126","buildName":"projects/346188478020/locations/us-central1/builds/4868895b-633d-4c60-afc1-237eb929a126"}}
[debug] [2026-08-15T20:52:51.281Z] [create-default-us-central1-onUserDeleted] Retrying task index 0
[debug] [2026-08-15T20:52:51.282Z] Checked if tokens are valid: true, expires at: 1786830709485
[debug] [2026-08-15T20:52:51.282Z] Checked if tokens are valid: true, expires at: 1786830709485
[debug] [2026-08-15T20:52:51.283Z] >>> [apiv2][query] GET https://cloudfunctions.googleapis.com/v1/operations/cHJvamVjdHMvY2hlc3Mtc29sdXRpb25zLWY4YTViL2xvY2F0aW9ucy91cy1jZW50cmFsMS9vcGVyYXRpb25zL29wZXJhdGlvbi0xNzg2ODI3MTIxNzM0LTY1OTFjMWJkZGIzOWItYWI5NzRhMjctOTU0YmUzN2U [none]
[debug] [2026-08-15T20:52:51.583Z] <<< [apiv2][status] GET https://cloudfunctions.googleapis.com/v1/operations/cHJvamVjdHMvY2hlc3Mtc29sdXRpb25zLWY4YTViL2xvY2F0aW9ucy91cy1jZW50cmFsMS9vcGVyYXRpb25zL29wZXJhdGlvbi0xNzg2ODI3MTIxNzM0LTY1OTFjMWJkZGIzOWItYWI5NzRhMjctOTU0YmUzN2U 200
[debug] [2026-08-15T20:52:51.583Z] <<< [apiv2][body] GET https://cloudfunctions.googleapis.com/v1/operations/cHJvamVjdHMvY2hlc3Mtc29sdXRpb25zLWY4YTViL2xvY2F0aW9ucy91cy1jZW50cmFsMS9vcGVyYXRpb25zL29wZXJhdGlvbi0xNzg2ODI3MTIxNzM0LTY1OTFjMWJkZGIzOWItYWI5NzRhMjctOTU0YmUzN2U {"name":"operations/cHJvamVjdHMvY2hlc3Mtc29sdXRpb25zLWY4YTViL2xvY2F0aW9ucy91cy1jZW50cmFsMS9vcGVyYXRpb25zL29wZXJhdGlvbi0xNzg2ODI3MTIxNzM0LTY1OTFjMWJkZGIzOWItYWI5NzRhMjctOTU0YmUzN2U","metadata":{"@type":"type.googleapis.com/google.cloud.functions.v1.OperationMetadataV1","target":"projects/chess-solutions-f8a5b/locations/us-central1/functions/onUserDeleted","type":"CREATE_FUNCTION","request":{"@type":"type.googleapis.com/google.cloud.functions.v1.CloudFunction","name":"projects/chess-solutions-f8a5b/locations/us-central1/functions/onUserDeleted","eventTrigger":{"eventType":"providers/firebase.auth/eventTypes/user.delete","resource":"projects/chess-solutions-f8a5b","failurePolicy":{}},"entryPoint":"onUserDeleted","updateTime":"1970-01-01T00:00:00Z","labels":{"deployment-tool":"cli-firebase","firebase-functions-hash":"d4b2688b2fdfc44d13c69ed9a4799f8f2577f84d"},"sourceUploadUrl":"https://storage.googleapis.com/uploads-662006214346.us-central1.cloudfunctions.appspot.com/0eac3f7d-a1ef-436d-91c7-546a5d8939c9.zip?GoogleAccessId=service-346188478020@gcf-admin-robot.iam.gserviceaccount.com&Expires=1786828921&Signature=TofWx5FkHGD%2BQAy2oUT2or2mkHpvB1Z2bihIi2PPqtAM%2B3FvcPcU5qku%2FDgL726gyQk%2B017hGvMgSvNhLB243t39QludLw9fCzFo7jOvKIHMXpZsDAxMRUZA2YFnqSIJ9gtlzdnbLH2Drxhjbex2qyOxIG3J%2FrkmjQReVvEMA6t5qB1YIVaoxPLnm7AspuVxsEPv0WSIvwMX0pBTDpOZDTDYFSWJiymwG3JJohGVwnhDfkrmZjTpKnO5OXgyzFOHmljrXKHxWo7JGGyB2%2FIoJKEMR1W85Ph2%2Bw57qSY00KFkzfKtK6iXFVH1tyP033TxGZ%2F%2FqztsSsfaEr%2BQMDiZwg%3D%3D","environmentVariables":{"FIREBASE_CONFIG":"{\"projectId\":\"chess-solutions-f8a5b\",\"databaseURL\":\"https://chess-solutions-f8a5b-default-rtdb.firebaseio.com\",\"storageBucket\":\"chess-solutions-f8a5b.firebasestorage.app\"}","GCLOUD_PROJECT":"chess-solutions-f8a5b","EVENTARC_CLOUD_EVENT_SOURCE":"projects/chess-solutions-f8a5b/locations/us-central1/functions/onUserDeleted"},"runtime":"nodejs20","buildEnvironmentVariables":{"GOOGLE_NODE_RUN_SCRIPTS":""},"dockerRegistry":"ARTIFACT_REGISTRY"},"versionId":"1","updateTime":"2026-08-15T20:52:03.398382763Z","buildId":"4868895b-633d-4c60-afc1-237eb929a126","buildName":"projects/346188478020/locations/us-central1/builds/4868895b-633d-4c60-afc1-237eb929a126"}}
[debug] [2026-08-15T20:53:01.585Z] [create-default-us-central1-onUserDeleted] Retrying task index 0
[debug] [2026-08-15T20:53:01.586Z] Checked if tokens are valid: true, expires at: 1786830709485
[debug] [2026-08-15T20:53:01.586Z] Checked if tokens are valid: true, expires at: 1786830709485
[debug] [2026-08-15T20:53:01.586Z] >>> [apiv2][query] GET https://cloudfunctions.googleapis.com/v1/operations/cHJvamVjdHMvY2hlc3Mtc29sdXRpb25zLWY4YTViL2xvY2F0aW9ucy91cy1jZW50cmFsMS9vcGVyYXRpb25zL29wZXJhdGlvbi0xNzg2ODI3MTIxNzM0LTY1OTFjMWJkZGIzOWItYWI5NzRhMjctOTU0YmUzN2U [none]
[debug] [2026-08-15T20:53:01.929Z] <<< [apiv2][status] GET https://cloudfunctions.googleapis.com/v1/operations/cHJvamVjdHMvY2hlc3Mtc29sdXRpb25zLWY4YTViL2xvY2F0aW9ucy91cy1jZW50cmFsMS9vcGVyYXRpb25zL29wZXJhdGlvbi0xNzg2ODI3MTIxNzM0LTY1OTFjMWJkZGIzOWItYWI5NzRhMjctOTU0YmUzN2U 200
[debug] [2026-08-15T20:53:01.930Z] <<< [apiv2][body] GET https://cloudfunctions.googleapis.com/v1/operations/cHJvamVjdHMvY2hlc3Mtc29sdXRpb25zLWY4YTViL2xvY2F0aW9ucy91cy1jZW50cmFsMS9vcGVyYXRpb25zL29wZXJhdGlvbi0xNzg2ODI3MTIxNzM0LTY1OTFjMWJkZGIzOWItYWI5NzRhMjctOTU0YmUzN2U {"name":"operations/cHJvamVjdHMvY2hlc3Mtc29sdXRpb25zLWY4YTViL2xvY2F0aW9ucy91cy1jZW50cmFsMS9vcGVyYXRpb25zL29wZXJhdGlvbi0xNzg2ODI3MTIxNzM0LTY1OTFjMWJkZGIzOWItYWI5NzRhMjctOTU0YmUzN2U","metadata":{"@type":"type.googleapis.com/google.cloud.functions.v1.OperationMetadataV1","target":"projects/chess-solutions-f8a5b/locations/us-central1/functions/onUserDeleted","type":"CREATE_FUNCTION","request":{"@type":"type.googleapis.com/google.cloud.functions.v1.CloudFunction","name":"projects/chess-solutions-f8a5b/locations/us-central1/functions/onUserDeleted","eventTrigger":{"eventType":"providers/firebase.auth/eventTypes/user.delete","resource":"projects/chess-solutions-f8a5b","failurePolicy":{}},"entryPoint":"onUserDeleted","updateTime":"1970-01-01T00:00:00Z","labels":{"deployment-tool":"cli-firebase","firebase-functions-hash":"d4b2688b2fdfc44d13c69ed9a4799f8f2577f84d"},"sourceUploadUrl":"https://storage.googleapis.com/uploads-662006214346.us-central1.cloudfunctions.appspot.com/0eac3f7d-a1ef-436d-91c7-546a5d8939c9.zip?GoogleAccessId=service-346188478020@gcf-admin-robot.iam.gserviceaccount.com&Expires=1786828921&Signature=TofWx5FkHGD%2BQAy2oUT2or2mkHpvB1Z2bihIi2PPqtAM%2B3FvcPcU5qku%2FDgL726gyQk%2B017hGvMgSvNhLB243t39QludLw9fCzFo7jOvKIHMXpZsDAxMRUZA2YFnqSIJ9gtlzdnbLH2Drxhjbex2qyOxIG3J%2FrkmjQReVvEMA6t5qB1YIVaoxPLnm7AspuVxsEPv0WSIvwMX0pBTDpOZDTDYFSWJiymwG3JJohGVwnhDfkrmZjTpKnO5OXgyzFOHmljrXKHxWo7JGGyB2%2FIoJKEMR1W85Ph2%2Bw57qSY00KFkzfKtK6iXFVH1tyP033TxGZ%2F%2FqztsSsfaEr%2BQMDiZwg%3D%3D","environmentVariables":{"FIREBASE_CONFIG":"{\"projectId\":\"chess-solutions-f8a5b\",\"databaseURL\":\"https://chess-solutions-f8a5b-default-rtdb.firebaseio.com\",\"storageBucket\":\"chess-solutions-f8a5b.firebasestorage.app\"}","GCLOUD_PROJECT":"chess-solutions-f8a5b","EVENTARC_CLOUD_EVENT_SOURCE":"projects/chess-solutions-f8a5b/locations/us-central1/functions/onUserDeleted"},"runtime":"nodejs20","buildEnvironmentVariables":{"GOOGLE_NODE_RUN_SCRIPTS":""},"dockerRegistry":"ARTIFACT_REGISTRY"},"versionId":"1","updateTime":"2026-08-15T20:52:03.398382763Z","buildId":"4868895b-633d-4c60-afc1-237eb929a126","buildName":"projects/346188478020/locations/us-central1/builds/4868895b-633d-4c60-afc1-237eb929a126"}}
